[0.012s] Invoking command in '/home/usuario/Documentos/GitHub/IR2121/src/build/patrolling_cpp': CMAKE_PREFIX_PATH=${CMAKE_PREFIX_PATH}:/opt/ros/humble /usr/bin/cmake /home/usuario/Documentos/GitHub/IR2121/src/patrolling_cpp -DAMENT_CMAKE_SYMLINK_INSTALL=1 -DCMAKE_INSTALL_PREFIX=/home/usuario/Documentos/GitHub/IR2121/src/install/patrolling_cpp
[0.068s] -- The C compiler identification is GNU 10.5.0
[0.122s] -- The CXX compiler identification is GNU 10.5.0
[0.129s] -- Detecting C compiler ABI info
[0.211s] -- Detecting C compiler ABI info - done
[0.216s] -- Check for working C compiler: /usr/bin/cc - skipped
[0.217s] -- Detecting C compile features
[0.217s] -- Detecting C compile features - done
[0.219s] -- Detecting CXX compiler ABI info
[0.309s] -- Detecting CXX compiler ABI info - done
[0.314s] -- Check for working CXX compiler: /usr/bin/c++ - skipped
[0.315s] -- Detecting CXX compile features
[0.315s] -- Detecting CXX compile features - done
[0.318s] -- Found ament_cmake: 1.3.12 (/opt/ros/humble/share/ament_cmake/cmake)
[0.438s] -- Found Python3: /usr/bin/python3 (found version "3.10.12") found components: Interpreter 
[0.488s] -- Override CMake install command with custom implementation using symlinks instead of copying resources
[0.519s] -- Found rclcpp: 16.0.15 (/opt/ros/humble/share/rclcpp/cmake)
[0.560s] -- Found rosidl_generator_c: 3.1.7 (/opt/ros/humble/share/rosidl_generator_c/cmake)
[0.565s] -- Found rosidl_adapter: 3.1.7 (/opt/ros/humble/share/rosidl_adapter/cmake)
[0.572s] -- Found rosidl_generator_cpp: 3.1.7 (/opt/ros/humble/share/rosidl_generator_cpp/cmake)
[0.582s] -- Using all available rosidl_typesupport_c: rosidl_typesupport_fastrtps_c;rosidl_typesupport_introspection_c
[0.596s] -- Using all available rosidl_typesupport_cpp: rosidl_typesupport_fastrtps_cpp;rosidl_typesupport_introspection_cpp
[0.633s] -- Found rmw_implementation_cmake: 6.1.2 (/opt/ros/humble/share/rmw_implementation_cmake/cmake)
[0.635s] -- Found rmw_fastrtps_cpp: 6.2.9 (/opt/ros/humble/share/rmw_fastrtps_cpp/cmake)
[0.725s] -- Found OpenSSL: /usr/lib/x86_64-linux-gnu/libcrypto.so (found version "3.0.2")  
[0.757s] -- Found FastRTPS: /opt/ros/humble/include  
[0.807s] -- Using RMW implementation 'rmw_fastrtps_cpp' as default
[0.819s] -- Looking for pthread.h
[0.905s] -- Looking for pthread.h - found
[0.905s] -- Performing Test CMAKE_HAVE_LIBC_PTHREAD
[0.991s] -- Performing Test CMAKE_HAVE_LIBC_PTHREAD - Success
[0.992s] -- Found Threads: TRUE  
[1.035s] -- Found rclcpp_action: 16.0.15 (/opt/ros/humble/share/rclcpp_action/cmake)
[1.062s] -- Found geometry_msgs: 4.9.0 (/opt/ros/humble/share/geometry_msgs/cmake)
[1.073s] -- Found nav_msgs: 4.9.0 (/opt/ros/humble/share/nav_msgs/cmake)
[1.086s] -- Found nav2_msgs: 1.1.19 (/opt/ros/humble/share/nav2_msgs/cmake)
[1.104s] -- Found tf2: 0.25.16 (/opt/ros/humble/share/tf2/cmake)
[1.118s] -- Found tf2_ros: 0.25.16 (/opt/ros/humble/share/tf2_ros/cmake)
[1.161s] -- Found tf2_geometry_msgs: 0.25.16 (/opt/ros/humble/share/tf2_geometry_msgs/cmake)
[1.182s] -- Found eigen3_cmake_module: 0.1.1 (/opt/ros/humble/share/eigen3_cmake_module/cmake)
[1.183s] -- Found Eigen3: TRUE (found version "3.4.0") 
[1.183s] -- Ensuring Eigen3 include directory is part of orocos-kdl CMake target
[1.188s] -- Found ament_lint_auto: 0.12.14 (/opt/ros/humble/share/ament_lint_auto/cmake)
[1.263s] -- Added test 'cppcheck' to perform static code analysis on C / C++ code
[1.263s] -- Configured cppcheck include dirs: 
[1.263s] -- Configured cppcheck exclude dirs and/or files: 
[1.263s] -- Added test 'lint_cmake' to check CMake code style
[1.264s] -- Added test 'uncrustify' to check C / C++ code style
[1.264s] -- Configured uncrustify additional arguments: 
[1.264s] -- Added test 'xmllint' to check XML markup files
[1.268s] -- Configuring done
[1.280s] -- Generating done
[1.284s] -- Build files have been written to: /home/usuario/Documentos/GitHub/IR2121/src/build/patrolling_cpp
[1.293s] Invoked command in '/home/usuario/Documentos/GitHub/IR2121/src/build/patrolling_cpp' returned '0': CMAKE_PREFIX_PATH=${CMAKE_PREFIX_PATH}:/opt/ros/humble /usr/bin/cmake /home/usuario/Documentos/GitHub/IR2121/src/patrolling_cpp -DAMENT_CMAKE_SYMLINK_INSTALL=1 -DCMAKE_INSTALL_PREFIX=/home/usuario/Documentos/GitHub/IR2121/src/install/patrolling_cpp
[1.295s] Invoking command in '/home/usuario/Documentos/GitHub/IR2121/src/build/patrolling_cpp': CMAKE_PREFIX_PATH=${CMAKE_PREFIX_PATH}:/opt/ros/humble /usr/bin/cmake --build /home/usuario/Documentos/GitHub/IR2121/src/build/patrolling_cpp -- -j6 -l6
[1.346s] [ 50%] [32mBuilding CXX object CMakeFiles/patrolling_node.dir/src/patrolling_node.cpp.o[0m
[5.081s] [100%] [32m[1mLinking CXX executable patrolling_node[0m
[5.413s] [100%] Built target patrolling_node
[5.424s] Invoked command in '/home/usuario/Documentos/GitHub/IR2121/src/build/patrolling_cpp' returned '0': CMAKE_PREFIX_PATH=${CMAKE_PREFIX_PATH}:/opt/ros/humble /usr/bin/cmake --build /home/usuario/Documentos/GitHub/IR2121/src/build/patrolling_cpp -- -j6 -l6
[5.436s] Invoking command in '/home/usuario/Documentos/GitHub/IR2121/src/build/patrolling_cpp': CMAKE_PREFIX_PATH=${CMAKE_PREFIX_PATH}:/opt/ros/humble /usr/bin/cmake --install /home/usuario/Documentos/GitHub/IR2121/src/build/patrolling_cpp
[5.443s] -- Install configuration: ""
[5.444s] -- Execute custom install script
[5.445s] -- Symlinking: /home/usuario/Documentos/GitHub/IR2121/src/install/patrolling_cpp/lib/patrolling_cpp/patrolling_node
[5.454s] -- Symlinking: /home/usuario/Documentos/GitHub/IR2121/src/install/patrolling_cpp/share/ament_index/resource_index/package_run_dependencies/patrolling_cpp
[5.463s] -- Symlinking: /home/usuario/Documentos/GitHub/IR2121/src/install/patrolling_cpp/share/ament_index/resource_index/parent_prefix_path/patrolling_cpp
[5.471s] -- Symlinking: /home/usuario/Documentos/GitHub/IR2121/src/install/patrolling_cpp/share/patrolling_cpp/environment/ament_prefix_path.sh
[5.480s] -- Symlinking: /home/usuario/Documentos/GitHub/IR2121/src/install/patrolling_cpp/share/patrolling_cpp/environment/ament_prefix_path.dsv
[5.488s] -- Symlinking: /home/usuario/Documentos/GitHub/IR2121/src/install/patrolling_cpp/share/patrolling_cpp/environment/path.sh
[5.496s] -- Symlinking: /home/usuario/Documentos/GitHub/IR2121/src/install/patrolling_cpp/share/patrolling_cpp/environment/path.dsv
[5.504s] -- Symlinking: /home/usuario/Documentos/GitHub/IR2121/src/install/patrolling_cpp/share/patrolling_cpp/local_setup.bash
[5.513s] -- Symlinking: /home/usuario/Documentos/GitHub/IR2121/src/install/patrolling_cpp/share/patrolling_cpp/local_setup.sh
[5.522s] -- Symlinking: /home/usuario/Documentos/GitHub/IR2121/src/install/patrolling_cpp/share/patrolling_cpp/local_setup.zsh
[5.530s] -- Symlinking: /home/usuario/Documentos/GitHub/IR2121/src/install/patrolling_cpp/share/patrolling_cpp/local_setup.dsv
[5.539s] -- Symlinking: /home/usuario/Documentos/GitHub/IR2121/src/install/patrolling_cpp/share/patrolling_cpp/package.dsv
[5.548s] -- Symlinking: /home/usuario/Documentos/GitHub/IR2121/src/install/patrolling_cpp/share/ament_index/resource_index/packages/patrolling_cpp
[5.557s] -- Symlinking: /home/usuario/Documentos/GitHub/IR2121/src/install/patrolling_cpp/share/patrolling_cpp/cmake/patrolling_cppConfig.cmake
[5.565s] -- Symlinking: /home/usuario/Documentos/GitHub/IR2121/src/install/patrolling_cpp/share/patrolling_cpp/cmake/patrolling_cppConfig-version.cmake
[5.573s] -- Symlinking: /home/usuario/Documentos/GitHub/IR2121/src/install/patrolling_cpp/share/patrolling_cpp/package.xml
[5.583s] Invoked command in '/home/usuario/Documentos/GitHub/IR2121/src/build/patrolling_cpp' returned '0': CMAKE_PREFIX_PATH=${CMAKE_PREFIX_PATH}:/opt/ros/humble /usr/bin/cmake --install /home/usuario/Documentos/GitHub/IR2121/src/build/patrolling_cpp
